{a = 1, b = "Hello", c = "World"}
1
"Hello"
"World"
