1
-1
0
0
6
2
8
2
0
true
false
false
true
false
true
false
true
false
false
true
true
